------------------------------------------------------------
Timing Analyzer Summary
------------------------------------------------------------

Type  : Slow 1200mV 85C Model Setup 'm_lab7_soc|sdram_pll|sd1|pll7|clk[0]'
Slack : 3.140
TNS   : 0.000

Type  : Slow 1200mV 85C Model Setup 'main_clk_50'
Slack : 8.204
TNS   : 0.000

Type  : Slow 1200mV 85C Model Setup 'altera_reserved_tck'
Slack : 47.022
TNS   : 0.000

Type  : Slow 1200mV 85C Model Hold 'main_clk_50'
Slack : 0.383
TNS   : 0.000

Type  : Slow 1200mV 85C Model Hold 'altera_reserved_tck'
Slack : 0.402
TNS   : 0.000

Type  : Slow 1200mV 85C Model Hold 'm_lab7_soc|sdram_pll|sd1|pll7|clk[0]'
Slack : 0.402
TNS   : 0.000

Type  : Slow 1200mV 85C Model Recovery 'main_clk_50'
Slack : 14.336
TNS   : 0.000

Type  : Slow 1200mV 85C Model Recovery 'm_lab7_soc|sdram_pll|sd1|pll7|clk[0]'
Slack : 14.685
TNS   : 0.000

Type  : Slow 1200mV 85C Model Recovery 'altera_reserved_tck'
Slack : 98.039
TNS   : 0.000

Type  : Slow 1200mV 85C Model Removal 'altera_reserved_tck'
Slack : 1.011
TNS   : 0.000

Type  : Slow 1200mV 85C Model Removal 'm_lab7_soc|sdram_pll|sd1|pll7|clk[0]'
Slack : 3.748
TNS   : 0.000

Type  : Slow 1200mV 85C Model Removal 'main_clk_50'
Slack : 4.070
TNS   : 0.000

Type  : Slow 1200mV 85C Model Minimum Pulse Width 'main_clk_50'
Slack : 9.630
TNS   : 0.000

Type  : Slow 1200mV 85C Model Minimum Pulse Width 'm_lab7_soc|sdram_pll|sd1|pll7|clk[0]'
Slack : 9.697
TNS   : 0.000

Type  : Slow 1200mV 85C Model Minimum Pulse Width 'altera_reserved_tck'
Slack : 49.625
TNS   : 0.000

Type  : Slow 1200mV 0C Model Setup 'm_lab7_soc|sdram_pll|sd1|pll7|clk[0]'
Slack : 3.691
TNS   : 0.000

Type  : Slow 1200mV 0C Model Setup 'main_clk_50'
Slack : 9.051
TNS   : 0.000

Type  : Slow 1200mV 0C Model Setup 'altera_reserved_tck'
Slack : 47.371
TNS   : 0.000

Type  : Slow 1200mV 0C Model Hold 'main_clk_50'
Slack : 0.336
TNS   : 0.000

Type  : Slow 1200mV 0C Model Hold 'm_lab7_soc|sdram_pll|sd1|pll7|clk[0]'
Slack : 0.353
TNS   : 0.000

Type  : Slow 1200mV 0C Model Hold 'altera_reserved_tck'
Slack : 0.354
TNS   : 0.000

Type  : Slow 1200mV 0C Model Recovery 'main_clk_50'
Slack : 14.954
TNS   : 0.000

Type  : Slow 1200mV 0C Model Recovery 'm_lab7_soc|sdram_pll|sd1|pll7|clk[0]'
Slack : 15.166
TNS   : 0.000

Type  : Slow 1200mV 0C Model Recovery 'altera_reserved_tck'
Slack : 98.220
TNS   : 0.000

Type  : Slow 1200mV 0C Model Removal 'altera_reserved_tck'
Slack : 0.914
TNS   : 0.000

Type  : Slow 1200mV 0C Model Removal 'm_lab7_soc|sdram_pll|sd1|pll7|clk[0]'
Slack : 3.325
TNS   : 0.000

Type  : Slow 1200mV 0C Model Removal 'main_clk_50'
Slack : 3.688
TNS   : 0.000

Type  : Slow 1200mV 0C Model Minimum Pulse Width 'main_clk_50'
Slack : 9.648
TNS   : 0.000

Type  : Slow 1200mV 0C Model Minimum Pulse Width 'm_lab7_soc|sdram_pll|sd1|pll7|clk[0]'
Slack : 9.684
TNS   : 0.000

Type  : Slow 1200mV 0C Model Minimum Pulse Width 'altera_reserved_tck'
Slack : 49.567
TNS   : 0.000

Type  : Fast 1200mV 0C Model Setup 'm_lab7_soc|sdram_pll|sd1|pll7|clk[0]'
Slack : 5.327
TNS   : 0.000

Type  : Fast 1200mV 0C Model Setup 'main_clk_50'
Slack : 13.960
TNS   : 0.000

Type  : Fast 1200mV 0C Model Setup 'altera_reserved_tck'
Slack : 48.773
TNS   : 0.000

Type  : Fast 1200mV 0C Model Hold 'main_clk_50'
Slack : 0.172
TNS   : 0.000

Type  : Fast 1200mV 0C Model Hold 'altera_reserved_tck'
Slack : 0.180
TNS   : 0.000

Type  : Fast 1200mV 0C Model Hold 'm_lab7_soc|sdram_pll|sd1|pll7|clk[0]'
Slack : 0.181
TNS   : 0.000

Type  : Fast 1200mV 0C Model Recovery 'main_clk_50'
Slack : 16.959
TNS   : 0.000

Type  : Fast 1200mV 0C Model Recovery 'm_lab7_soc|sdram_pll|sd1|pll7|clk[0]'
Slack : 17.169
TNS   : 0.000

Type  : Fast 1200mV 0C Model Recovery 'altera_reserved_tck'
Slack : 98.995
TNS   : 0.000

Type  : Fast 1200mV 0C Model Removal 'altera_reserved_tck'
Slack : 0.493
TNS   : 0.000

Type  : Fast 1200mV 0C Model Removal 'm_lab7_soc|sdram_pll|sd1|pll7|clk[0]'
Slack : 1.954
TNS   : 0.000

Type  : Fast 1200mV 0C Model Removal 'main_clk_50'
Slack : 2.128
TNS   : 0.000

Type  : Fast 1200mV 0C Model Minimum Pulse Width 'main_clk_50'
Slack : 9.374
TNS   : 0.000

Type  : Fast 1200mV 0C Model Minimum Pulse Width 'm_lab7_soc|sdram_pll|sd1|pll7|clk[0]'
Slack : 9.780
TNS   : 0.000

Type  : Fast 1200mV 0C Model Minimum Pulse Width 'altera_reserved_tck'
Slack : 49.475
TNS   : 0.000

------------------------------------------------------------
